// Jest Snapshot v1, https://goo.gl/fbAQLP

exports[`renders correctly 1`] = `
<View>
  <TextInput
    allowFontScaling={true}
    onChangeText={[Function]}
    placeholder="codes.common.todoPlaceH"
    rejectResponderTermination={true}
    style={
      Object {
        "borderBottomColor": "#DDD",
        "borderBottomWidth": 1,
        "marginBottom": 10,
        "paddingHorizontal": 8,
        "paddingVertical": 6,
      }
    }
    underlineColorAndroid="transparent"
  />
  <View
    accessibilityRole="button"
    accessibilityState={
      Object {
        "disabled": true,
      }
    }
    accessible={true}
    focusable={true}
    onClick={[Function]}
    onResponderGrant={[Function]}
    onResponderMove={[Function]}
    onResponderRelease={[Function]}
    onResponderTerminate={[Function]}
    onResponderTerminationRequest={[Function]}
    onStartShouldSetResponder={[Function]}
    style={
      Object {
        "opacity": 1,
      }
    }
  >
    <View
      style={
        Array [
          Object {},
          Object {},
        ]
      }
    >
      <Text
        disabled={true}
        style={
          Array [
            Object {
              "color": "#007AFF",
              "fontSize": 18,
              "margin": 8,
              "textAlign": "center",
            },
            Object {
              "color": "coral",
            },
            Object {
              "color": "#cdcdcd",
            },
          ]
        }
      >
        codes.common.addTodo
      </Text>
    </View>
  </View>
</View>
`;
