// Jest Snapshot v1, https://goo.gl/fbAQLP

exports[`renders correctly 1`] = `
<View
  style={
    Object {
      "alignItems": "center",
      "borderColor": "#BBB",
      "borderRadius": 10,
      "borderStyle": "dashed",
      "borderWidth": 1,
      "flex": 1,
      "flexDirection": "row",
      "justifyContent": "space-between",
      "marginTop": 16,
      "padding": 16,
    }
  }
>
  <TextInput
    allowFontScaling={true}
    rejectResponderTermination={true}
    style={
      Object {
        "width": "70%",
      }
    }
    underlineColorAndroid="transparent"
  >
    text item text
  </TextInput>
  <View
    style={
      Object {
        "alignItems": "center",
        "flexDirection": "row",
      }
    }
  >
    <View
      accessibilityRole="button"
      accessibilityState={Object {}}
      accessible={true}
      focusable={true}
      onClick={[Function]}
      onResponderGrant={[Function]}
      onResponderMove={[Function]}
      onResponderRelease={[Function]}
      onResponderTerminate={[Function]}
      onResponderTerminationRequest={[Function]}
      onStartShouldSetResponder={[Function]}
      style={
        Object {
          "opacity": 1,
        }
      }
    >
      <View
        style={
          Array [
            Object {},
          ]
        }
      >
        <Text
          style={
            Array [
              Object {
                "color": "#007AFF",
                "fontSize": 18,
                "margin": 8,
                "textAlign": "center",
              },
              Object {
                "color": "red",
              },
            ]
          }
        >
          codes.common.delete
        </Text>
      </View>
    </View>
  </View>
  <Text>
    codes.common.done
  </Text>
</View>
`;
