// Jest Snapshot v1, https://goo.gl/fbAQLP

exports[`renders correctly 1`] = `
<View
  style={
    Object {
      "backgroundColor": "#FFF",
      "flex": 1,
    }
  }
>
  <View
    style={
      Object {
        "backgroundColor": "coral",
        "height": 80,
        "paddingTop": 38,
      }
    }
  >
    <Text
      style={
        Object {
          "color": "#FFF",
          "fontSize": 20,
          "fontWeight": "bold",
          "textAlign": "center",
        }
      }
    >
      codes.common.headerTitle
    </Text>
  </View>
  <View
    style={
      Object {
        "padding": 40,
      }
    }
  >
    <View>
      <TextInput
        allowFontScaling={true}
        onChangeText={[Function]}
        placeholder="codes.common.todoPlaceH"
        rejectResponderTermination={true}
        style={
          Object {
            "borderBottomColor": "#DDD",
            "borderBottomWidth": 1,
            "marginBottom": 10,
            "paddingHorizontal": 8,
            "paddingVertical": 6,
          }
        }
        underlineColorAndroid="transparent"
      />
      <View
        accessibilityRole="button"
        accessibilityState={
          Object {
            "disabled": true,
          }
        }
        accessible={true}
        focusable={true}
        onClick={[Function]}
        onResponderGrant={[Function]}
        onResponderMove={[Function]}
        onResponderRelease={[Function]}
        onResponderTerminate={[Function]}
        onResponderTerminationRequest={[Function]}
        onStartShouldSetResponder={[Function]}
        style={
          Object {
            "opacity": 1,
          }
        }
      >
        <View
          style={
            Array [
              Object {},
              Object {},
            ]
          }
        >
          <Text
            disabled={true}
            style={
              Array [
                Object {
                  "color": "#007AFF",
                  "fontSize": 18,
                  "margin": 8,
                  "textAlign": "center",
                },
                Object {
                  "color": "coral",
                },
                Object {
                  "color": "#cdcdcd",
                },
              ]
            }
          >
            codes.common.addTodo
          </Text>
        </View>
      </View>
    </View>
    <View
      style={
        Object {
          "marginTop": 20,
        }
      }
    >
      <RCTScrollView
        data={Array []}
        disableVirtualization={false}
        getItem={[Function]}
        getItemCount={[Function]}
        horizontal={false}
        initialNumToRender={10}
        keyExtractor={[Function]}
        maxToRenderPerBatch={10}
        onContentSizeChange={[Function]}
        onEndReachedThreshold={2}
        onLayout={[Function]}
        onMomentumScrollEnd={[Function]}
        onScroll={[Function]}
        onScrollBeginDrag={[Function]}
        onScrollEndDrag={[Function]}
        removeClippedSubviews={false}
        renderItem={[Function]}
        scrollEventThrottle={50}
        stickyHeaderIndices={Array []}
        updateCellsBatchingPeriod={50}
        viewabilityConfigCallbackPairs={Array []}
        windowSize={21}
      >
        <View />
      </RCTScrollView>
    </View>
  </View>
</View>
`;
